
> @figma/my-make-file@0.0.1 build
> vite build

[36mvite v6.3.5 [32mbuilding for production...[36m[39m
[32m✓[39m 0 modules transformed.
[31m✗[39m Build failed in 15ms
[31merror during build:
[31mCould not resolve entry module "index.html".[31m
    at getRollupError (file:///C:/Users/Akhdan/Projects/kanesa-pedia/node_modules/rollup/dist/es/shared/parseAst.js:406:41)
    at error (file:///C:/Users/Akhdan/Projects/kanesa-pedia/node_modules/rollup/dist/es/shared/parseAst.js:402:42)
    at ModuleLoader.loadEntryModule (file:///C:/Users/Akhdan/Projects/kanesa-pedia/node_modules/rollup/dist/es/shared/node-entry.js:22141:20)
    at async Promise.all (index 0)[39m
